// Jest Snapshot v1, https://goo.gl/fbAQLP

exports[`App component should render App component 1`] = `
<Context.Provider
  value={
    Object {
      "favorites": Array [],
      "isItemAdded": [Function],
      "items": Array [],
      "itemsForCart": Array [],
      "onAddToFavorite": [Function],
      "onAddtoCart": [Function],
      "setCartItem": [Function],
      "setCartOpened": [Function],
    }
  }
>
  <div
    className="wrapper clear"
  >
    <Header
      onClickCart={[Function]}
    />
    <Routes>
      <Route
        element={
          <Home
            isLoading={true}
            items={Array []}
            itemsForCart={Array []}
            onAddToFavorite={[Function]}
            onAddtoCart={[Function]}
            searchValue=""
            setSearchValue={[Function]}
          />
        }
        exact={true}
        path="/"
      />
      <Route
        element={<Favorites />}
        exact={true}
        path="/favorites"
      />
      <Route
        element={<Orders />}
        exact={true}
        path="/orders"
      />
    </Routes>
  </div>
</Context.Provider>
`;
